module AddArg1 where

-- When #24862 is fixed, the space should move automatically
foo x new_arg= new_def
