module AddLocalDecl8 where

d1 = 1
  where -- c1
        w1 = 1
        nn = 2

d2 = 1
  where w2 = 1
        nn = 2

d3 = 1
  where
  nn = 2

d4 = 1
  where
    nn = 2

d5 = 1
  where
  nn = 2 -- c5

d6 = 1 where
  nn = 2

d7 = 1 where
  nn = 2 -- c7
